[    1408ms] [ERROR] Failed to load resource: net::ERR_BLOCKED_BY_CLIENT @ https://static.cloudflareinsights.com/beacon.min.js/v31edd6df95cf4e85bb4c19e7a9bdbcba1788362987495:0
[    2337ms] [ERROR] Failed to load resource: the server responded with a status of 404 () @ https://steamrip.com/wp-content/uploads/2021/05/footer.jpg:0
[    3253ms] [LOG] JQMIGRATE: Migrate is installed, version 3.4.1 @ https://steamrip.com/wp-includes/js/jquery/jquery-migrate.min.js?ver=3.4.1:1
[    3260ms] [ERROR] Failed to load resource: net::ERR_BLOCKED_BY_CLIENT @ https://llvpn.com/tag.min.js:0
[    6665ms] [ERROR] Failed to load resource: net::ERR_BLOCKED_BY_CLIENT @ https://o4509915723464704.ingest.de.sentry.io/api/4509915725168720/envelope/?sentry_version=7&sentry_key=94357f02121278e555cc175f9589e158&sentry_client=sentry.javascript.react%2F10.7.0:0
[    7244ms] TypeError: Cannot read properties of null (reading 'search')
    at g (https://steamrip.com/wp-content/plugins/ewww-image-optimizer/includes/lazysizes.min.js?ver=880:1:4930)
    at HTMLDocument.<anonymous> (https://steamrip.com/wp-content/plugins/ewww-image-optimizer/includes/lazysizes.min.js?ver=880:1:9268)
    at HTMLDocument.c (https://steamrip.com/cdn-cgi/scripts/7d0fa10a/cloudflare-static/rocket-loader.min.js:1:9405)
    at x (https://steamrip.com/wp-content/plugins/ewww-image-optimizer/includes/lazysizes.min.js?ver=880:1:11833)
    at https://steamrip.com/wp-content/plugins/ewww-image-optimizer/includes/lazysizes.min.js?ver=880:1:13022
    at https://steamrip.com/wp-content/plugins/ewww-image-optimizer/includes/lazysizes.min.js?ver=880:1:12313
    at k (https://steamrip.com/wp-content/plugins/ewww-image-optimizer/includes/lazysizes.min.js?ver=880:1:12128)
[    7245ms] TypeError: Cannot read properties of null (reading 'search')
    at g (https://steamrip.com/wp-content/plugins/ewww-image-optimizer/includes/lazysizes.min.js?ver=880:1:4930)
    at HTMLDocument.<anonymous> (https://steamrip.com/wp-content/plugins/ewww-image-optimizer/includes/lazysizes.min.js?ver=880:1:9268)
    at HTMLDocument.c (https://steamrip.com/cdn-cgi/scripts/7d0fa10a/cloudflare-static/rocket-loader.min.js:1:9405)
    at x (https://steamrip.com/wp-content/plugins/ewww-image-optimizer/includes/lazysizes.min.js?ver=880:1:11833)
    at https://steamrip.com/wp-content/plugins/ewww-image-optimizer/includes/lazysizes.min.js?ver=880:1:13022
    at https://steamrip.com/wp-content/plugins/ewww-image-optimizer/includes/lazysizes.min.js?ver=880:1:12313
    at k (https://steamrip.com/wp-content/plugins/ewww-image-optimizer/includes/lazysizes.min.js?ver=880:1:12128)
[    7245ms] TypeError: Cannot read properties of null (reading 'search')
    at g (https://steamrip.com/wp-content/plugins/ewww-image-optimizer/includes/lazysizes.min.js?ver=880:1:4930)
    at HTMLDocument.<anonymous> (https://steamrip.com/wp-content/plugins/ewww-image-optimizer/includes/lazysizes.min.js?ver=880:1:9268)
    at HTMLDocument.c (https://steamrip.com/cdn-cgi/scripts/7d0fa10a/cloudflare-static/rocket-loader.min.js:1:9405)
    at x (https://steamrip.com/wp-content/plugins/ewww-image-optimizer/includes/lazysizes.min.js?ver=880:1:11833)
    at https://steamrip.com/wp-content/plugins/ewww-image-optimizer/includes/lazysizes.min.js?ver=880:1:13022
    at https://steamrip.com/wp-content/plugins/ewww-image-optimizer/includes/lazysizes.min.js?ver=880:1:12313
    at k (https://steamrip.com/wp-content/plugins/ewww-image-optimizer/includes/lazysizes.min.js?ver=880:1:12128)
[    7245ms] TypeError: Cannot read properties of null (reading 'search')
    at g (https://steamrip.com/wp-content/plugins/ewww-image-optimizer/includes/lazysizes.min.js?ver=880:1:4930)
    at HTMLDocument.<anonymous> (https://steamrip.com/wp-content/plugins/ewww-image-optimizer/includes/lazysizes.min.js?ver=880:1:9268)
    at HTMLDocument.c (https://steamrip.com/cdn-cgi/scripts/7d0fa10a/cloudflare-static/rocket-loader.min.js:1:9405)
    at x (https://steamrip.com/wp-content/plugins/ewww-image-optimizer/includes/lazysizes.min.js?ver=880:1:11833)
    at https://steamrip.com/wp-content/plugins/ewww-image-optimizer/includes/lazysizes.min.js?ver=880:1:13022
    at https://steamrip.com/wp-content/plugins/ewww-image-optimizer/includes/lazysizes.min.js?ver=880:1:12313
    at k (https://steamrip.com/wp-content/plugins/ewww-image-optimizer/includes/lazysizes.min.js?ver=880:1:12128)
[    7245ms] TypeError: Cannot read properties of null (reading 'search')
    at g (https://steamrip.com/wp-content/plugins/ewww-image-optimizer/includes/lazysizes.min.js?ver=880:1:4930)
    at HTMLDocument.<anonymous> (https://steamrip.com/wp-content/plugins/ewww-image-optimizer/includes/lazysizes.min.js?ver=880:1:9268)
    at HTMLDocument.c (https://steamrip.com/cdn-cgi/scripts/7d0fa10a/cloudflare-static/rocket-loader.min.js:1:9405)
    at x (https://steamrip.com/wp-content/plugins/ewww-image-optimizer/includes/lazysizes.min.js?ver=880:1:11833)
    at https://steamrip.com/wp-content/plugins/ewww-image-optimizer/includes/lazysizes.min.js?ver=880:1:13022
    at https://steamrip.com/wp-content/plugins/ewww-image-optimizer/includes/lazysizes.min.js?ver=880:1:12313
    at k (https://steamrip.com/wp-content/plugins/ewww-image-optimizer/includes/lazysizes.min.js?ver=880:1:12128)
[    7246ms] TypeError: Cannot read properties of null (reading 'search')
    at g (https://steamrip.com/wp-content/plugins/ewww-image-optimizer/includes/lazysizes.min.js?ver=880:1:4930)
    at HTMLDocument.<anonymous> (https://steamrip.com/wp-content/plugins/ewww-image-optimizer/includes/lazysizes.min.js?ver=880:1:9268)
    at HTMLDocument.c (https://steamrip.com/cdn-cgi/scripts/7d0fa10a/cloudflare-static/rocket-loader.min.js:1:9405)
    at x (https://steamrip.com/wp-content/plugins/ewww-image-optimizer/includes/lazysizes.min.js?ver=880:1:11833)
    at https://steamrip.com/wp-content/plugins/ewww-image-optimizer/includes/lazysizes.min.js?ver=880:1:13022
    at https://steamrip.com/wp-content/plugins/ewww-image-optimizer/includes/lazysizes.min.js?ver=880:1:12313
    at k (https://steamrip.com/wp-content/plugins/ewww-image-optimizer/includes/lazysizes.min.js?ver=880:1:12128)
[    7246ms] TypeError: Cannot read properties of null (reading 'search')
    at g (https://steamrip.com/wp-content/plugins/ewww-image-optimizer/includes/lazysizes.min.js?ver=880:1:4930)
    at HTMLDocument.<anonymous> (https://steamrip.com/wp-content/plugins/ewww-image-optimizer/includes/lazysizes.min.js?ver=880:1:9268)
    at HTMLDocument.c (https://steamrip.com/cdn-cgi/scripts/7d0fa10a/cloudflare-static/rocket-loader.min.js:1:9405)
    at x (https://steamrip.com/wp-content/plugins/ewww-image-optimizer/includes/lazysizes.min.js?ver=880:1:11833)
    at https://steamrip.com/wp-content/plugins/ewww-image-optimizer/includes/lazysizes.min.js?ver=880:1:13022
    at https://steamrip.com/wp-content/plugins/ewww-image-optimizer/includes/lazysizes.min.js?ver=880:1:12313
    at k (https://steamrip.com/wp-content/plugins/ewww-image-optimizer/includes/lazysizes.min.js?ver=880:1:12128)
[    7290ms] [LOG] tc: fb: notification permission not granted. @ https://web.tolstoycomments.com/widget/js/app.js?v=0.4.311:1
[    7317ms] [ERROR] Failed to load resource: net::ERR_BLOCKED_BY_CLIENT @ https://mc.webvisor.org/metrika/tag_ww.js:0
