[    1906ms] [ERROR] Failed to load resource: net::ERR_BLOCKED_BY_CLIENT @ https://static.cloudflareinsights.com/beacon.min.js/v31edd6df95cf4e85bb4c19e7a9bdbcba1788362987495:0
[    2074ms] [ERROR] Failed to load resource: the server responded with a status of 404 () @ https://steamrip.com/wp-content/uploads/2021/05/footer.jpg:0
[    2283ms] [LOG] JQMIGRATE: Migrate is installed, version 3.4.1 @ https://steamrip.com/wp-includes/js/jquery/jquery-migrate.min.js?ver=3.4.1:1
[    2291ms] [ERROR] Failed to load resource: net::ERR_BLOCKED_BY_CLIENT @ https://llvpn.com/tag.min.js:0
[    2703ms] TypeError: Cannot read properties of null (reading 'search')
    at g (https://steamrip.com/wp-content/plugins/ewww-image-optimizer/includes/lazysizes.min.js?ver=880:1:4930)
    at HTMLDocument.<anonymous> (https://steamrip.com/wp-content/plugins/ewww-image-optimizer/includes/lazysizes.min.js?ver=880:1:9268)
    at HTMLDocument.c (https://steamrip.com/cdn-cgi/scripts/7d0fa10a/cloudflare-static/rocket-loader.min.js:1:9405)
    at x (https://steamrip.com/wp-content/plugins/ewww-image-optimizer/includes/lazysizes.min.js?ver=880:1:11833)
    at https://steamrip.com/wp-content/plugins/ewww-image-optimizer/includes/lazysizes.min.js?ver=880:1:13022
    at https://steamrip.com/wp-content/plugins/ewww-image-optimizer/includes/lazysizes.min.js?ver=880:1:12313
    at k (https://steamrip.com/wp-content/plugins/ewww-image-optimizer/includes/lazysizes.min.js?ver=880:1:12128)
[    2703ms] TypeError: Cannot read properties of null (reading 'search')
    at g (https://steamrip.com/wp-content/plugins/ewww-image-optimizer/includes/lazysizes.min.js?ver=880:1:4930)
    at HTMLDocument.<anonymous> (https://steamrip.com/wp-content/plugins/ewww-image-optimizer/includes/lazysizes.min.js?ver=880:1:9268)
    at HTMLDocument.c (https://steamrip.com/cdn-cgi/scripts/7d0fa10a/cloudflare-static/rocket-loader.min.js:1:9405)
    at x (https://steamrip.com/wp-content/plugins/ewww-image-optimizer/includes/lazysizes.min.js?ver=880:1:11833)
    at https://steamrip.com/wp-content/plugins/ewww-image-optimizer/includes/lazysizes.min.js?ver=880:1:13022
    at https://steamrip.com/wp-content/plugins/ewww-image-optimizer/includes/lazysizes.min.js?ver=880:1:12313
    at k (https://steamrip.com/wp-content/plugins/ewww-image-optimizer/includes/lazysizes.min.js?ver=880:1:12128)
[    2703ms] TypeError: Cannot read properties of null (reading 'search')
    at g (https://steamrip.com/wp-content/plugins/ewww-image-optimizer/includes/lazysizes.min.js?ver=880:1:4930)
    at HTMLDocument.<anonymous> (https://steamrip.com/wp-content/plugins/ewww-image-optimizer/includes/lazysizes.min.js?ver=880:1:9268)
    at HTMLDocument.c (https://steamrip.com/cdn-cgi/scripts/7d0fa10a/cloudflare-static/rocket-loader.min.js:1:9405)
    at x (https://steamrip.com/wp-content/plugins/ewww-image-optimizer/includes/lazysizes.min.js?ver=880:1:11833)
    at https://steamrip.com/wp-content/plugins/ewww-image-optimizer/includes/lazysizes.min.js?ver=880:1:13022
    at https://steamrip.com/wp-content/plugins/ewww-image-optimizer/includes/lazysizes.min.js?ver=880:1:12313
    at k (https://steamrip.com/wp-content/plugins/ewww-image-optimizer/includes/lazysizes.min.js?ver=880:1:12128)
[    2832ms] TypeError: Cannot read properties of null (reading 'search')
    at g (https://steamrip.com/wp-content/plugins/ewww-image-optimizer/includes/lazysizes.min.js?ver=880:1:4930)
    at HTMLDocument.<anonymous> (https://steamrip.com/wp-content/plugins/ewww-image-optimizer/includes/lazysizes.min.js?ver=880:1:9268)
    at HTMLDocument.c (https://steamrip.com/cdn-cgi/scripts/7d0fa10a/cloudflare-static/rocket-loader.min.js:1:9405)
    at x (https://steamrip.com/wp-content/plugins/ewww-image-optimizer/includes/lazysizes.min.js?ver=880:1:11833)
    at https://steamrip.com/wp-content/plugins/ewww-image-optimizer/includes/lazysizes.min.js?ver=880:1:13022
    at https://steamrip.com/wp-content/plugins/ewww-image-optimizer/includes/lazysizes.min.js?ver=880:1:12313
    at k (https://steamrip.com/wp-content/plugins/ewww-image-optimizer/includes/lazysizes.min.js?ver=880:1:12128)
[    2832ms] TypeError: Cannot read properties of null (reading 'search')
    at g (https://steamrip.com/wp-content/plugins/ewww-image-optimizer/includes/lazysizes.min.js?ver=880:1:4930)
    at HTMLDocument.<anonymous> (https://steamrip.com/wp-content/plugins/ewww-image-optimizer/includes/lazysizes.min.js?ver=880:1:9268)
    at HTMLDocument.c (https://steamrip.com/cdn-cgi/scripts/7d0fa10a/cloudflare-static/rocket-loader.min.js:1:9405)
    at x (https://steamrip.com/wp-content/plugins/ewww-image-optimizer/includes/lazysizes.min.js?ver=880:1:11833)
    at https://steamrip.com/wp-content/plugins/ewww-image-optimizer/includes/lazysizes.min.js?ver=880:1:13022
    at https://steamrip.com/wp-content/plugins/ewww-image-optimizer/includes/lazysizes.min.js?ver=880:1:12313
    at k (https://steamrip.com/wp-content/plugins/ewww-image-optimizer/includes/lazysizes.min.js?ver=880:1:12128)
[    2832ms] TypeError: Cannot read properties of null (reading 'search')
    at g (https://steamrip.com/wp-content/plugins/ewww-image-optimizer/includes/lazysizes.min.js?ver=880:1:4930)
    at HTMLDocument.<anonymous> (https://steamrip.com/wp-content/plugins/ewww-image-optimizer/includes/lazysizes.min.js?ver=880:1:9268)
    at HTMLDocument.c (https://steamrip.com/cdn-cgi/scripts/7d0fa10a/cloudflare-static/rocket-loader.min.js:1:9405)
    at x (https://steamrip.com/wp-content/plugins/ewww-image-optimizer/includes/lazysizes.min.js?ver=880:1:11833)
    at https://steamrip.com/wp-content/plugins/ewww-image-optimizer/includes/lazysizes.min.js?ver=880:1:13022
    at https://steamrip.com/wp-content/plugins/ewww-image-optimizer/includes/lazysizes.min.js?ver=880:1:12313
    at k (https://steamrip.com/wp-content/plugins/ewww-image-optimizer/includes/lazysizes.min.js?ver=880:1:12128)
[    2833ms] TypeError: Cannot read properties of null (reading 'search')
    at g (https://steamrip.com/wp-content/plugins/ewww-image-optimizer/includes/lazysizes.min.js?ver=880:1:4930)
    at HTMLDocument.<anonymous> (https://steamrip.com/wp-content/plugins/ewww-image-optimizer/includes/lazysizes.min.js?ver=880:1:9268)
    at HTMLDocument.c (https://steamrip.com/cdn-cgi/scripts/7d0fa10a/cloudflare-static/rocket-loader.min.js:1:9405)
    at x (https://steamrip.com/wp-content/plugins/ewww-image-optimizer/includes/lazysizes.min.js?ver=880:1:11833)
    at https://steamrip.com/wp-content/plugins/ewww-image-optimizer/includes/lazysizes.min.js?ver=880:1:13022
    at https://steamrip.com/wp-content/plugins/ewww-image-optimizer/includes/lazysizes.min.js?ver=880:1:12313
    at k (https://steamrip.com/wp-content/plugins/ewww-image-optimizer/includes/lazysizes.min.js?ver=880:1:12128)
[    3516ms] TypeError: Cannot read properties of null (reading 'search')
    at g (https://steamrip.com/wp-content/plugins/ewww-image-optimizer/includes/lazysizes.min.js?ver=880:1:4930)
    at HTMLDocument.<anonymous> (https://steamrip.com/wp-content/plugins/ewww-image-optimizer/includes/lazysizes.min.js?ver=880:1:9268)
    at HTMLDocument.c (https://steamrip.com/cdn-cgi/scripts/7d0fa10a/cloudflare-static/rocket-loader.min.js:1:9405)
    at x (https://steamrip.com/wp-content/plugins/ewww-image-optimizer/includes/lazysizes.min.js?ver=880:1:11833)
    at https://steamrip.com/wp-content/plugins/ewww-image-optimizer/includes/lazysizes.min.js?ver=880:1:13022
    at https://steamrip.com/wp-content/plugins/ewww-image-optimizer/includes/lazysizes.min.js?ver=880:1:12313
    at k (https://steamrip.com/wp-content/plugins/ewww-image-optimizer/includes/lazysizes.min.js?ver=880:1:12128)
[    3516ms] TypeError: Cannot read properties of null (reading 'search')
    at g (https://steamrip.com/wp-content/plugins/ewww-image-optimizer/includes/lazysizes.min.js?ver=880:1:4930)
    at HTMLDocument.<anonymous> (https://steamrip.com/wp-content/plugins/ewww-image-optimizer/includes/lazysizes.min.js?ver=880:1:9268)
    at HTMLDocument.c (https://steamrip.com/cdn-cgi/scripts/7d0fa10a/cloudflare-static/rocket-loader.min.js:1:9405)
    at x (https://steamrip.com/wp-content/plugins/ewww-image-optimizer/includes/lazysizes.min.js?ver=880:1:11833)
    at https://steamrip.com/wp-content/plugins/ewww-image-optimizer/includes/lazysizes.min.js?ver=880:1:13022
    at https://steamrip.com/wp-content/plugins/ewww-image-optimizer/includes/lazysizes.min.js?ver=880:1:12313
    at k (https://steamrip.com/wp-content/plugins/ewww-image-optimizer/includes/lazysizes.min.js?ver=880:1:12128)
